ï¿½ï¿½ Pro cpu start useï¿½ESP-ROM:esp32s3-20210327
Build:Mar 27 2021
rst:0x1 (POWERON),boot:0x8 (SPI_FAST_FLASH_BOOT)
SPIWP:0xee
mode:DIO, clock div:1
load:0x3fce3810,len:0x178c
load:0x403c9700,len:0x4
load:0x403c9704,len:0xcbc
load:0x403cc700,len:0x2da0
SHA-256 comparison failed:
Calculated: f6480e415161efbbcec0fe27d1780e22870b6d8f0027b8455711d0f74c133f59
Expected: ffffffffffffffffffffffffffffffffffffffffffffffffffffffffffffffff
Attempting to boot anyway...
entry 0x403c9914
[0;32mI (45) boot: ESP-IDF v5.2.1-dirty 2nd stage bootloader[0m
[0;32mI (45) boot: compile time Mar 22 2025 23:26:23[0m
[0;32mI (45) boot: Multicore bootloader[0m
[0;32mI (49) boot: chip revision: v0.2[0m
[0;32mI (53) boot.esp32s3: Boot SPI Speed : 80MHz[0m
[0;32mI (57) boot.esp32s3: SPI Mode       : DIO[0m
[0;32mI (62) boot.esp32s3: SPI Flash Size : 16MB[0m
[0;32mI (67) boot: Enabling RNG early entropy source...[0m
[0;32mI (72) boot: Partition Table:[0m
[0;32mI (76) boot: ## Label            Usage          Type ST Offset   Length[0m
[0;32mI (83) boot:  0 nvs              WiFi data        01 02 00009000 00006000[0m
[0;32mI (91) boot:  1 phy_init         RF data          01 01 0000f000 00001000[0m
[0;32mI (98) boot:  2 otadata          OTA data         01 00 00010000 00002000[0m
[0;32mI (106) boot:  3 factory          factory app      00 00 00020000 00200000[0m
[0;32mI (113) boot:  4 ota_0            OTA app          00 10 00220000 00200000[0m
[0;32mI (121) boot:  5 ota_1            OTA app          00 11 00420000 00200000[0m
[0;32mI (128) boot:  6 spiffs           Unknown data     01 82 00620000 00080000[0m
[0;32mI (136) boot: End of partition table[0m
[0;32mI (140) boot: Defaulting to factory image[0m
[0;32mI (145) esp_image: segment 0: paddr=00020020 vaddr=3c0c0020 size=2dddch (187868) map[0m
[0;32mI (174) esp_image: segment 1: paddr=0004de04 vaddr=3fc99d00 size=02214h (  8724) load[0m
[0;32mI (176) esp_image: segment 2: paddr=00050020 vaddr=42000020 size=b0998h (723352) map[0m
[0;32mI (261) esp_image: segment 3: paddr=001009c0 vaddr=3fc9bf14 size=026e4h (  9956) load[0m
[0;32mI (263) esp_image: segment 4: paddr=001030ac vaddr=40374000 size=15c00h ( 89088) load[0m
[0;32mI (289) boot: Loaded app from partition at offset 0x20000[0m
[0;32mI (289) boot: Disabling RNG early entropy source...[0m
[0;32mI (301) cpu_start: Multicore app[0m
[0;32mI (310) cpu_start: Pro cpu start user code[0m
[0;32mI (310) cpu_start: cpu freq: 240000000 Hz[0m
[0;32mI (310) cpu_start: Application information:[0m
[0;32mI (313) cpu_start: Project name:     main[0m
[0;32mI (318) cpu_start: App version:      0.0.1[0m
[0;32mI (323) cpu_start: Compile time:     Mar 22 2025 23:26:05[0m
[0;32mI (329) cpu_start: ELF file SHA256:  84fb01959...[0m
[0;32mI (334) cpu_start: ESP-IDF:          v5.2.1-dirty[0m
[0;32mI (340) cpu_start: Min chip rev:     v0.0[0m
[0;32mI (344) cpu_start: Max chip rev:     v0.99 [0m
[0;32mI (349) cpu_start: Chip rev:         v0.2[0m
[0;32mI (354) heap_init: Initializing. RAM available for dynamic allocation:[0m
[0;32mI (361) heap_init: At 3FCA2928 len 00046DE8 (283 KiB): RAM[0m
[0;32mI (367) heap_init: At 3FCE9710 len 00005724 (21 KiB): RAM[0m
[0;32mI (373) heap_init: At 3FCF0000 len 00008000 (32 KiB): DRAM[0m
[0;32mI (379) heap_init: At 600FE010 len 00001FD8 (7 KiB): RTCRAM[0m
[0;32mI (387) spi_flash: detected chip: boya[0m
[0;32mI (390) spi_flash: flash io: dio[0m
[0;32mI (394) sleep: Configure to isolate all GPIO pins in sleep state[0m
[0;32mI (401) sleep: Enable automatic switching of GPIO sleep configuration[0m
[0;32mI (408) main_task: Started on CPU0[0m
[0;32mI (418) main_task: Calling app_main()[0m
[0;32mI (418) SYS: REBOOT[0m
Build at Mar 22 2025 23:43:52
