!
—Åoffset ÔøΩESP-ROM:esp32s3-20210327
Build:Mar 27 2021
rst:0x1 (POWERON),boot:0x8 (SPI_FAST_FLASH_BOOT)
SPIWP:0xee
mode:DIO, clock div:1
load:0x3fce3810,len:0x178c
load:0x403c9700,len:0x4
load:0x403c9704,len:0xcbc
load:0x403cc700,len:0x2da0
SHA-256 comparison failed:
Calculated: f6480e415161efbbcec0fe27d1780e22870b6d8f0027b8455711d0f74c133f59
Expected: ffffffffffffffffffffffffffffffffffffffffffffffffffffffffffffffff
Attempting to boot anyway...
entry 0x403c9914
[0;32mI (45) boot: ESP-IDF v5.2.1-dirty 2nd stage bootloader[0m
[0;32mI (45) boot: compile time Mar 22 2025 23:26:23[0m
[0;32mI (45) boot: Multicore bootloader[0m
[0;32mI (49) boot: chip revision: v0.2[0m
[0;32mI (53) boot.esp32s3: Boot SPI Speed : 80MHz[0m
[0;32mI (57) boot.esp32s3: SPI Mode       : DIO[0m
[0;32mI (62) boot.esp32s3: SPI Flash Size : 16MB[0m
[0;32mI (67) boot: Enabling RNG early entropy source...[0m
[0;32mI (72) boot: Partition Table:[0m
[0;32mI (76) boot: ## Label            Usage          Type ST Offset   Length[0m
[0;32mI (83) boot:  0 nvs              WiFi data        01 02 00009000 00006000[0m
[0;32mI (91) boot:  1 phy_init         RF data          01 01 0000f000 00001000[0m
[0;32mI (98) boot:  2 otadata          OTA data         01 00 00010000 00002000[0m
[0;32mI (106) boot:  3 factory          factory app      00 00 00020000 00200000[0m
[0;32mI (113) boot:  4 ota_0            OTA app          00 10 00220000 00200000[0m
[0;32mI (121) boot:  5 ota_1            OTA app          00 11 00420000 00200000[0m
[0;32mI (128) boot:  6 spiffs           Unknown data     01 82 00620000 00080000[0m
[0;32mI (136) boot: End of partition table[0m
[0;32mI (140) boot: Defaulting to factory image[0m
[0;32mI (145) esp_image: segment 0: paddr=00020020 vaddr=3c0c0020 size=2e004h (188420) map[0m
[0;32mI (174) esp_image: segment 1: paddr=0004e02c vaddr=3fc99d00 size=01fech (  8172) load[0m
[0;32mI (176) esp_image: segment 2: paddr=00050020 vaddr=42000020 size=b1a3ch (727612) map[0m
[0;32mI (261) esp_image: segment 3: paddr=00101a64 vaddr=3fc9bcec size=0297ch ( 10620) load[0m
[0;32mI (263) esp_image: segment 4: paddr=001043e8 vaddr=40374000 size=15c00h ( 89088) load[0m
[0;32mI (290) boot: Loaded app from partition at offset 0x20000[0m
[0;32mI (290) boot: Disabling RNG early entropy source...[0m
[0;32mI (301) cpu_start: Multicore app[0m
[0;32mI (311) cpu_start: Pro cpu start user code[0m
[0;32mI (312) cpu_start: cpu freq: 240000000 Hz[0m
[0;32mI (312) cpu_start: Application information:[0m
[0;32mI (315) cpu_start: Project name:     main[0m
[0;32mI (319) cpu_start: App version:      0.0.1[0m
[0;32mI (324) cpu_start: Compile time:     Mar 22 2025 23:26:05[0m
[0;32mI (330) cpu_start: ELF file SHA256:  a3f61b41a...[0m
[0;32mI (335) cpu_start: ESP-IDF:          v5.2.1-dirty[0m
[0;32mI (341) cpu_start: Min chip rev:     v0.0[0m
[0;32mI (346) cpu_start: Max chip rev:     v0.99 [0m
[0;32mI (350) cpu_start: Chip rev:         v0.2[0m
[0;32mI (355) heap_init: Initializing. RAM available for dynamic allocation:[0m
[0;32mI (362) heap_init: At 3FCA29F8 len 00046D18 (283 KiB): RAM[0m
[0;32mI (368) heap_init: At 3FCE9710 len 00005724 (21 KiB): RAM[0m
[0;32mI (375) heap_init: At 3FCF0000 len 00008000 (32 KiB): DRAM[0m
[0;32mI (381) heap_init: At 600FE010 len 00001FD8 (7 KiB): RTCRAM[0m
[0;32mI (388) spi_flash: detected chip: boya[0m
[0;32mI (391) spi_flash: flash io: dio[0m
[0;32mI (396) sleep: Configure to isolate all GPIO pins in sleep state[0m
[0;32mI (402) sleep: Enable automatic switching of GPIO sleep configuration[0m
[0;32mI (410) main_task: Started on CPU0[0m
[0;32mI (420) main_task: Calling app_main()[0m
[0;32mI (420) SYS: REBOOT[0m
Build at Mar 22 2025 23:27:31
[0;32mI (1090) NVS: Initialze NVS[0m
 - WiFi SSID: SianAP
 - WiFi Password: sian79917
 - MQTT URL: mqtts://192.168.1.108
 - MQTT Username: ghost29083
 - MQTT Password: 123456789
 - Measurement publish period (seconds): 60
 - UTC: CST-8
 - DeviceSerial: 123
 - OTA_URL: 
[0;32mI (1160) SPIFFS: SPIFFS Mounted.[0m
[0;32mI (1160) SYS: Initialize LED[0m
Handling WIFI connections.
[0;32mI (1160) pp: pp rom version: e7ae62f[0m
[0;32mI (1160) net80211: net80211 rom version: e7ae62f[0m
I (1170) wifi:wifi driver task: 3fcadc3c, prio:23, stack:6656, core=0
I (1180) wifi:wifi firmware version: a9f5b59
I (1180) wifi:wifi certification version: v7.0
I (1180) wifi:config NVS flash: enabled
I (1190) wifi:config nano formating: disabled
I (1190) wifi:Init data frame dynamic rx buffer num: 32
I (1190) wifi:Init static rx mgmt buffer num: 5
I (1200) wifi:Init management short buffer num: 32
I (1200) wifi:Init static tx buffer num: 16
I (1210) wifi:Init static tx FG buffer num: 2
I (1210) wifi:Init static rx buffer size: 1600
I (1220) wifi:Init static rx buffer num: 10
I (1220) wifi:Init dynamic rx buffer num: 32
[0;32mI (1220) wifi_init: rx ba win: 6[0m
[0;32mI (1230) wifi_init: tcpip mbox: 32[0m
[0;32mI (1230) wifi_init: udp mbox: 6[0m
[0;32mI (1230) wifi_init: tcp mbox: 6[0m
[0;32mI (1240) wifi_init: tcp tx win: 5760[0m
[0;32mI (1240) wifi_init: tcp rx win: 5760[0m
[0;32mI (1250) wifi_init: tcp mss: 1440[0m
[0;32mI (1250) wifi_init: WiFi IRAM OP enabled[0m
[0;32mI (1260) wifi_init: WiFi RX IRAM OP enabled[0m
[0;32mI (1290) phy_init: phy_version 640,cd64a1a,Jan 24 2024,17:28:12[0m
I (1320) wifi:mode : sta (f0:9e:9e:11:53:38) + softAP (f0:9e:9e:11:53:39)
I (1320) wifi:enable tsf
I (1320) wifi:Total power save buffer number: 8
I (1320) wifi:Init max length of beacon: 752/752
I (1330) wifi:Init max length of beacon: 752/752
[0;32mI (1330) WIFI: Wi-Fi enableÔºå Starting connect...[0m
[0;32mI (1340) esp_netif_lwip: DHCP server started on interface WIFI_AP_DEF with IP: 192.168.4.1[0m
I (1430) wifi:ap channel adjust o:1,1 n:11,2
I (1430) wifi:new:<11,0>, old:<1,1>, ap:<11,2>, sta:<11,0>, prof:1
I (1430) wifi:state: init -> auth (b0)
I (1690) wifi:state: auth -> init (600)
I (1700) wifi:new:<11,0>, old:<11,0>, ap:<11,2>, sta:<11,0>, prof:1
[0;32mI (1700) WIFI: Wi-Fi DisconnectedÔºåTrying reconnect...[0m
[0;32mI (1700) WiFi: ÈáçÊñ∞ÈÄ£Á∑öÁ¨¨ 1 Ê¨°[0m
